>>> import flinnengdahl
>>> fe = flinnengdahl.FlinnEngdahl()
>>> fe.name(50,10)
'Germany'
>>> fe.name(50,50)
'Western Kazakhstan'
>>> fe.read("../numbered-names-intl.txt")
True
>>> fe.name(50,50)
'Western Kazakhstan'
>>> fe.setCategory("de")
>>> fe.name(50,50)
'West-Kasachstan'
>>> fe.setCategory("es")
>>> fe.name(50,50)
'Oeste de Kazakhstan'
>>> fe.setCategory("yz")
Traceback (most recent call last):
    ...
ValueError: invalid category: yz
>>> fe.read("non existing file")
Traceback (most recent call last):
    ...
RuntimeError: failed to open non existing file
